---
source: tests/snapshots/error_messages.rs
expression: "normalize_output(&format!(\"{}{}\", output.stdout, output.stderr))"
---
Updated ID-REDACTED: Will close
  status: closed → in_progress
YYYY-MM-DDTHH:MM:SS DEBUG beads_rust::storage::sqlite: src/storage/sqlite.rs:LINE: Rebuilt blocked issues cache blocked_count=0
YYYY-MM-DDTHH:MM:SS DEBUG beads_rust::storage::sqlite: src/storage/sqlite.rs:LINE: Rebuilt stale blocked issues cache on demand refreshed=0
YYYY-MM-DDTHH:MM:SS DEBUG beads_rust::storage::sqlite: src/storage/sqlite.rs:LINE: Blocked cache refresh deferred; will rebuild lazily on next read operation="update_issue"
YYYY-MM-DDTHH:MM:SS DEBUG beads_rust::cli::commands: src/cli/commands/mod.rs:LINE: Blocked cache already marked stale inside the mutation transaction; skipping eager batched refresh command="update"
YYYY-MM-DDTHH:MM:SS DEBUG beads_rust::sync: src/sync/mod.rs:LINE: ID-REDACTED: exporting dirty issues dirty_count=1 needs_flush=false
YYYY-MM-DDTHH:MM:SS DEBUG beads_rust::sync::path: src/sync/path.rs:LINE: Validating sync path path=/TMP/.beads/issues.jsonl beads_dir=/TMP/.beads
YYYY-MM-DDTHH:MM:SS DEBUG beads_rust::sync::path: src/sync/path.rs:LINE: Path validated for sync I/O path=/TMP/.beads/issues.jsonl
YYYY-MM-DDTHH:MM:SS DEBUG beads_rust::sync::history: src/sync/history.rs:LINE: Created backup: /TMP/.beads/.br_history/issues.20260323_025733_346808058.jsonl
YYYY-MM-DDTHH:MM:SS DEBUG beads_rust::sync::path: src/sync/path.rs:LINE: Validating sync path path=/TMP/.beads/issues.jsonl.2731659.tmp beads_dir=/TMP/.beads
YYYY-MM-DDTHH:MM:SS DEBUG beads_rust::sync::path: src/sync/path.rs:LINE: Path validated for sync I/O path=/TMP/.beads/issues.jsonl.2731659.tmp
YYYY-MM-DDTHH:MM:SS DEBUG beads_rust::sync::path: src/sync/path.rs:LINE: Validating sync path path=/TMP/.beads/issues.jsonl.2731659.tmp beads_dir=/TMP/.beads
YYYY-MM-DDTHH:MM:SS DEBUG beads_rust::sync::path: src/sync/path.rs:LINE: Path validated for sync I/O path=/TMP/.beads/issues.jsonl.2731659.tmp
YYYY-MM-DDTHH:MM:SS DEBUG beads_rust::sync::path: src/sync/path.rs:LINE: Sync path approved for destructive operation path=/TMP/.beads/issues.jsonl.2731659.tmp operation="rename temp file"
YYYY-MM-DDTHH:MM:SS DEBUG beads_rust::sync::path: src/sync/path.rs:LINE: Validating sync path path=/TMP/.beads/issues.jsonl beads_dir=/TMP/.beads
YYYY-MM-DDTHH:MM:SS DEBUG beads_rust::sync::path: src/sync/path.rs:LINE: Path validated for sync I/O path=/TMP/.beads/issues.jsonl
YYYY-MM-DDTHH:MM:SS DEBUG beads_rust::sync::path: src/sync/path.rs:LINE: Sync path approved for destructive operation path=/TMP/.beads/issues.jsonl operation="overwrite JSONL output"
YYYY-MM-DDTHH:MM:SS  INFO beads_rust::sync: src/sync/mod.rs:LINE: ID-REDACTED complete flushed=true exported=1
