---
source: tests/snapshots/cli_output.rs
expression: normalize_output(&output.stdout)
---
br doctor
OK jsonl.merge_artifacts
OK sync_jsonl_path: JSONL path is within sync allowlist
OK sync_conflict_markers: No merge conflict markers found
OK jsonl.parse: Parsed 0 records
OK db.recovery_artifacts
WARN db.sidecars: WAL sidecar exists without a matching SHM sidecar at /TMP/.beads/beads.ID-REDACTED (expected for frankensqlite)
OK schema.tables
OK schema.columns
OK db.recoverable_anomalies
OK db.null_defaults
WARN sqlite.integrity_check: database disk image is malformed: page 17 is never used
OK counts.db_vs_jsonl: Both have 0 records
OK sync.metadata: External changes pending import
OK db.write_probe: No issues available for ID-REDACTED write probe
WARN sqlite3.integrity_check: *** in database main ***; Page 17: never used
